bool(true)
array(8) {
  ["command"]=>
  string(28) "/usr/bin/nohup /bin/sleep 50"
  ["pid"]=>
  int(11792)
  ["running"]=>
  bool(false)
  ["signaled"]=>
  bool(true)
  ["stopped"]=>
  bool(false)
  ["exitcode"]=>
  int(-1)
  ["termsig"]=>
  int(1)
  ["stopsig"]=>
  int(0)
}
bool(false)
array(8) {
  ["command"]=>
  string(28) "/usr/bin/nohup /bin/sleep 50"
  ["pid"]=>
  int(11792)
  ["running"]=>
  bool(false)
  ["signaled"]=>
  bool(false)
  ["stopped"]=>
  bool(false)
  ["exitcode"]=>
  int(-1)
  ["termsig"]=>
  int(0)
  ["stopsig"]=>
  int(0)
}
Done!