*** Testing mail() : basic functionality ***
-- extra parameters --
bool(false)
--- Extras
===DONE===