string(82) "No syntax errors detected in /mnt/workspace/php53_tmp/sapi/cgi/tests/006.test.php
"
string(25) "No input file specified.
"
string(438) "<br />
<font size='1'><table dir='ltr' border='1' cellspacing='0' cellpadding='1'>
<tr><th align='left' bgcolor='#f57900' colspan="5"><span style='background-color: #cc0000; color: #fce94f; font-size: x-large;'>( ! )</span> Parse error: syntax error, unexpected T_PRIVATE, expecting '{' in /mnt/workspace/php53_tmp/sapi/cgi/tests/006.test.php on line <i>5</i></th></tr>
Errors parsing /mnt/workspace/php53_tmp/sapi/cgi/tests/006.test.php
"
Done