Array
(
    [1] => -30000
)
Array
(
    [1] => -30000
)
Array
(
    [1] => -30000
)
Done